// Jest Snapshot v1, https://goo.gl/fbAQLP

exports[`<Node /> Test that Node renders 1`] = `
<div
  className="Node "
  onMouseDown={[Function]}
  onMouseEnter={[Function]}
  onMouseUp={[Function]}
  style={
    Object {
      "height": NaN,
      "width": NaN,
    }
  }
/>
`;
