// Jest Snapshot v1, https://goo.gl/fbAQLP

exports[`<Grid /> renders 1`] = `
<div
  className="Grid"
/>
`;
