// Jest Snapshot v1, https://goo.gl/fbAQLP

exports[`App renders 1`] = `
<div
  className="App"
>
  <div
    className="Grid"
  >
    <div
      className="Button"
    >
      <div
        className="fade alert alert-primary show"
        role="alert"
      >
        Please Choose A Start & End Node
      </div>
    </div>
    <div
      className="Column"
    >
      <div
        className="Node   "
        onClick={[Function]}
      />
      <div
        className="Node   "
        onClick={[Function]}
      />
      <div
        className="Node   "
        onClick={[Function]}
      />
      <div
        className="Node   "
        onClick={[Function]}
      />
      <div
        className="Node   "
        onClick={[Function]}
      />
      <div
        className="Node   "
        onClick={[Function]}
      />
      <div
        className="Node   "
        onClick={[Function]}
      />
      <div
        className="Node   "
        onClick={[Function]}
      />
      <div
        className="Node   "
        onClick={[Function]}
      />
      <div
        className="Node   "
        onClick={[Function]}
      />
    </div>
    <div
      className="Column"
    >
      <div
        className="Node   "
        onClick={[Function]}
      />
      <div
        className="Node   "
        onClick={[Function]}
      />
      <div
        className="Node   "
        onClick={[Function]}
      />
      <div
        className="Node   "
        onClick={[Function]}
      />
      <div
        className="Node   "
        onClick={[Function]}
      />
      <div
        className="Node   "
        onClick={[Function]}
      />
      <div
        className="Node   "
        onClick={[Function]}
      />
      <div
        className="Node   "
        onClick={[Function]}
      />
      <div
        className="Node   "
        onClick={[Function]}
      />
      <div
        className="Node   "
        onClick={[Function]}
      />
    </div>
    <div
      className="Column"
    >
      <div
        className="Node   "
        onClick={[Function]}
      />
      <div
        className="Node   "
        onClick={[Function]}
      />
      <div
        className="Node   "
        onClick={[Function]}
      />
      <div
        className="Node   "
        onClick={[Function]}
      />
      <div
        className="Node   "
        onClick={[Function]}
      />
      <div
        className="Node   "
        onClick={[Function]}
      />
      <div
        className="Node   "
        onClick={[Function]}
      />
      <div
        className="Node   "
        onClick={[Function]}
      />
      <div
        className="Node   "
        onClick={[Function]}
      />
      <div
        className="Node   "
        onClick={[Function]}
      />
    </div>
    <div
      className="Column"
    >
      <div
        className="Node   "
        onClick={[Function]}
      />
      <div
        className="Node   "
        onClick={[Function]}
      />
      <div
        className="Node   "
        onClick={[Function]}
      />
      <div
        className="Node   "
        onClick={[Function]}
      />
      <div
        className="Node   "
        onClick={[Function]}
      />
      <div
        className="Node   "
        onClick={[Function]}
      />
      <div
        className="Node   "
        onClick={[Function]}
      />
      <div
        className="Node   "
        onClick={[Function]}
      />
      <div
        className="Node   "
        onClick={[Function]}
      />
      <div
        className="Node   "
        onClick={[Function]}
      />
    </div>
    <div
      className="Column"
    >
      <div
        className="Node   "
        onClick={[Function]}
      />
      <div
        className="Node   "
        onClick={[Function]}
      />
      <div
        className="Node   "
        onClick={[Function]}
      />
      <div
        className="Node   "
        onClick={[Function]}
      />
      <div
        className="Node   "
        onClick={[Function]}
      />
      <div
        className="Node   "
        onClick={[Function]}
      />
      <div
        className="Node   "
        onClick={[Function]}
      />
      <div
        className="Node   "
        onClick={[Function]}
      />
      <div
        className="Node   "
        onClick={[Function]}
      />
      <div
        className="Node   "
        onClick={[Function]}
      />
    </div>
    <div
      className="Column"
    >
      <div
        className="Node   "
        onClick={[Function]}
      />
      <div
        className="Node   "
        onClick={[Function]}
      />
      <div
        className="Node   "
        onClick={[Function]}
      />
      <div
        className="Node   "
        onClick={[Function]}
      />
      <div
        className="Node   "
        onClick={[Function]}
      />
      <div
        className="Node   "
        onClick={[Function]}
      />
      <div
        className="Node   "
        onClick={[Function]}
      />
      <div
        className="Node   "
        onClick={[Function]}
      />
      <div
        className="Node   "
        onClick={[Function]}
      />
      <div
        className="Node   "
        onClick={[Function]}
      />
    </div>
    <div
      className="Column"
    >
      <div
        className="Node   "
        onClick={[Function]}
      />
      <div
        className="Node   "
        onClick={[Function]}
      />
      <div
        className="Node   "
        onClick={[Function]}
      />
      <div
        className="Node   "
        onClick={[Function]}
      />
      <div
        className="Node   "
        onClick={[Function]}
      />
      <div
        className="Node   "
        onClick={[Function]}
      />
      <div
        className="Node   "
        onClick={[Function]}
      />
      <div
        className="Node   "
        onClick={[Function]}
      />
      <div
        className="Node   "
        onClick={[Function]}
      />
      <div
        className="Node   "
        onClick={[Function]}
      />
    </div>
    <div
      className="Column"
    >
      <div
        className="Node   "
        onClick={[Function]}
      />
      <div
        className="Node   "
        onClick={[Function]}
      />
      <div
        className="Node   "
        onClick={[Function]}
      />
      <div
        className="Node   "
        onClick={[Function]}
      />
      <div
        className="Node   "
        onClick={[Function]}
      />
      <div
        className="Node   "
        onClick={[Function]}
      />
      <div
        className="Node   "
        onClick={[Function]}
      />
      <div
        className="Node   "
        onClick={[Function]}
      />
      <div
        className="Node   "
        onClick={[Function]}
      />
      <div
        className="Node   "
        onClick={[Function]}
      />
    </div>
    <div
      className="Column"
    >
      <div
        className="Node   "
        onClick={[Function]}
      />
      <div
        className="Node   "
        onClick={[Function]}
      />
      <div
        className="Node   "
        onClick={[Function]}
      />
      <div
        className="Node   "
        onClick={[Function]}
      />
      <div
        className="Node   "
        onClick={[Function]}
      />
      <div
        className="Node   "
        onClick={[Function]}
      />
      <div
        className="Node   "
        onClick={[Function]}
      />
      <div
        className="Node   "
        onClick={[Function]}
      />
      <div
        className="Node   "
        onClick={[Function]}
      />
      <div
        className="Node   "
        onClick={[Function]}
      />
    </div>
    <div
      className="Column"
    >
      <div
        className="Node   "
        onClick={[Function]}
      />
      <div
        className="Node   "
        onClick={[Function]}
      />
      <div
        className="Node   "
        onClick={[Function]}
      />
      <div
        className="Node   "
        onClick={[Function]}
      />
      <div
        className="Node   "
        onClick={[Function]}
      />
      <div
        className="Node   "
        onClick={[Function]}
      />
      <div
        className="Node   "
        onClick={[Function]}
      />
      <div
        className="Node   "
        onClick={[Function]}
      />
      <div
        className="Node   "
        onClick={[Function]}
      />
      <div
        className="Node   "
        onClick={[Function]}
      />
    </div>
  </div>
</div>
`;
